export const snapshot = {};

snapshot[`updates major tag with default empty prefix, resolves HEAD sha 1`] = `
"Updating major tag '2' to point to commit abc1234567890def
> git tag -f 2 abc1234567890def
Test mode is enabled — skipping git push.
Major tag updated: 2 → abc1234567890def"
`;

snapshot[`updates major tag with custom --tag-prefix 1`] = `
"Updating major tag 'release-3' to point to commit deadbeef11223344
> git tag -f 'release-3' deadbeef11223344
Test mode is enabled — skipping git push.
Major tag updated: release-3 → deadbeef11223344"
`;

snapshot[`updates major tag with v --tag-prefix 1`] = `
"Updating major tag 'v5' to point to commit 00112233aabbccdd
> git tag -f v5 00112233aabbccdd
Test mode is enabled — skipping git push.
Major tag updated: v5 → 00112233aabbccdd"
`;

snapshot[`uses provided --commit-sha instead of HEAD 1`] = `
"Updating major tag '1' to point to commit custom99sha
> git tag -f 1 custom99sha
Test mode is enabled — skipping git push.
Major tag updated: 1 → custom99sha"
`;

snapshot[`pushes tag to origin when testMode is false 1`] = `
"Updating major tag '4' to point to commit ff00ee11dd22cc33
> git tag -f 4 ff00ee11dd22cc33
> git push origin 4 --force
Major tag updated: 4 → ff00ee11dd22cc33"
`;

snapshot[`correctly extracts major version from patch release (e.g. 2.4.1 → 2) 1`] = `
"Updating major tag '2' to point to commit patchsha111
> git tag -f 2 patchsha111
Test mode is enabled — skipping git push.
Major tag updated: 2 → patchsha111"
`;
